103.217.156.16 - - [01/Sep/2017:00:00:08 -0400] "GET /favicon.ico HTTP/1.1" 200 318 0.010292 0.049191 0.028592 "http://www.bu.edu/" "Mozilla/5.0 (Macintosh; Intel Mac OS X 10_11_6) AppleWebKit/603.3.8 (KHTML, like Gecko) Version/10.1.2 Safari/603.3.8" 10672 + WajbSArxHDYAACmwBuEAAAUY 128.197.26.35 off:http
128.197.27.70 - - [01/Sep/2017:00:00:08 -0400] "GET /weblogin/config/weblogin.conf HTTP/1.0" 200 2897 0.001573 0.000000 0.000000 "-" "Wget/1.12 (solaris2.10)" 10672 + WajbSArxHDYAACmwBuAAAAUc 128.197.26.35 off:http
67.249.231.2 - - [01/Sep/2017:00:00:08 -0400] "GET /met/wp-content/themes/flexi-framework/css/reset.css?ver=4.6.6 HTTP/1.1" 200 550 0.007450 0.051882 0.022620 "http://www.bu.edu/met/programs/graduate/arts-administration/" "Mozilla/5.0 (Macintosh; Intel Mac OS X 10_9_5) AppleWebKit/537.36 (KHTML, like Gecko) Chrome/60.0.3112.113 Safari/537.36" 10673 + WajbSArxHDYAACmxCRwAAAVU 128.197.26.35 off:http
67.249.231.2 - - [01/Sep/2017:00:00:08 -0400] "GET /met/wp-content/plugins/bu-slideshow/interface/css/bu-slideshow.min.css?ver=2.3.9 HTTP/1.1" 200 1790 0.006336 0.050331 0.018303 "http://www.bu.edu/met/programs/graduate/arts-administration/" "Mozilla/5.0 (Macintosh; Intel Mac OS X 10_9_5) AppleWebKit/537.36 (KHTML, like Gecko) Chrome/60.0.3112.113 Safari/537.36" 10672 + WajbSArxHDYAACmwBuMAAAUL 128.197.26.35 off:http
67.249.231.2 - - [01/Sep/2017:00:00:08 -0400] "GET /met/wp-content/themes/flexi-met/js/fancybox/jquery.fancybox.css?ver=2.1.5 HTTP/1.1" 200 1423 0.010705 0.050331 0.018303 "http://www.bu.edu/met/programs/graduate/arts-administration/" "Mozilla/5.0 (Macintosh; Intel Mac OS X 10_9_5) AppleWebKit/537.36 (KHTML, like Gecko) Chrome/60.0.3112.113 Safari/537.36" 10672 + WajbSArxHDYAACmwBuUAAAUJ 128.197.26.35 off:http
67.249.231.2 - - [01/Sep/2017:00:00:08 -0400] "GET /met/wp-content/themes/flexi-met/style.css?ver=1.01 HTTP/1.1" 200 22460 0.012644 0.051882 0.022620 "http://www.bu.edu/met/programs/graduate/arts-administration/" "Mozilla/5.0 (Macintosh; Intel Mac OS X 10_9_5) AppleWebKit/537.36 (KHTML, like Gecko) Chrome/60.0.3112.113 Safari/537.36" 10673 + WajbSArxHDYAACmxCRsAAAVW 128.197.26.35 off:http
67.249.231.2 - - [01/Sep/2017:00:00:08 -0400] "GET /met/files/custom.min.css?413 HTTP/1.1" 200 5270 0.013458 0.050331 0.018303 "http://www.bu.edu/met/programs/graduate/arts-administration/" "Mozilla/5.0 (Macintosh; Intel Mac OS X 10_9_5) AppleWebKit/537.36 (KHTML, like Gecko) Chrome/60.0.3112.113 Safari/537.36" 10672 + WajbSArxHDYAACmwBugAAAUH 128.197.26.35 off:http
10.252.197.3 - - [01/Sep/2017:00:00:08 -0400] "GET /ds-enrollment-a/files/signlastupdated.html?_=1504238407979 HTTP/1.1" 200 30 0.014034 0.050331 0.018303 "http://www.bu.edu/ds-enrollment-a/" "Mozilla/5.0 (Windows NT 6.1; WOW64; Trident/7.0; rv:11.0) like Gecko" 10672 + WajbSArxHDYAACmwBucAAAUC 128.197.26.35 off:http
67.249.231.2 - - [01/Sep/2017:00:00:08 -0400] "GET /met/wp-includes/js/jquery/jquery.js?ver=1.12.4 HTTP/1.1" 200 97184 0.017398 0.051882 0.022620 "http://www.bu.edu/met/programs/graduate/arts-administration/" "Mozilla/5.0 (Macintosh; Intel Mac OS X 10_9_5) AppleWebKit/537.36 (KHTML, like Gecko) Chrome/60.0.3112.113 Safari/537.36" 10673 + WajbSArxHDYAACmxCR0AAAVS 128.197.26.35 off:http
204.8.153.90 - - [01/Sep/2017:00:00:08 -0400] "GET /dining/api/locations/marciano/menu/2017-09-01/?data-source=PROD&format=json HTTP/1.1" 200 28683 0.038614 0.106989 0.028053 "-" "-" 10672 + WajbSArxHDYAACmwBuIAAAUX 128.197.26.35 off:http
10.104.0.7 - - [01/Sep/2017:00:00:08 -0400] "GET http://128.197.26.35 HTTP/1.1" 200 17998 0.005111 0.000000 0.000000 "-" "check_http/v1.4.16 (nagios-plugins 1.4.16)" 10673 - WajbSArxHDYAACmxCR8AAAVN 128.197.26.35 off:http
128.197.27.70 - - [01/Sep/2017:00:00:08 -0400] "GET /weblogin/config/motd HTTP/1.0" 200 - 0.007616 0.000000 0.000000 "-" "Wget/1.12 (solaris2.10)" 10673 + WajbSArxHDYAACmxCSAAAAVD 128.197.26.35 off:http
67.249.231.2 - - [01/Sep/2017:00:00:08 -0400] "GET /met/wp-includes/js/jquery/jquery-migrate.min.js?ver=1.4.1 HTTP/1.1" 200 10056 0.009044 0.000000 0.000000 "http://www.bu.edu/met/programs/graduate/arts-administration/" "Mozilla/5.0 (Macintosh; Intel Mac OS X 10_9_5) AppleWebKit/537.36 (KHTML, like Gecko) Chrome/60.0.3112.113 Safari/537.36" 10673 + WajbSArxHDYAACmxCSEAAAVU 128.197.26.35 off:http
67.249.231.2 - - [01/Sep/2017:00:00:08 -0400] "GET /met/wp-content/themes/flexi-met/js/modernizr.js?ver=2.8.3 HTTP/1.1" 200 12966 0.007205 0.000000 0.000000 "http://www.bu.edu/met/programs/graduate/arts-administration/" "Mozilla/5.0 (Macintosh; Intel Mac OS X 10_9_5) AppleWebKit/537.36 (KHTML, like Gecko) Chrome/60.0.3112.113 Safari/537.36" 10672 + WajbSArxHDYAACmwBuoAAAUJ 128.197.26.35 off:http
67.249.231.2 - - [01/Sep/2017:00:00:08 -0400] "GET /met/wp-content/mu-plugins/bu-cms/interface/js/outbound_link_tracking.js?ver=4.6.6 HTTP/1.1" 200 988 0.007588 0.047236 0.002477 "http://www.bu.edu/met/programs/graduate/arts-administration/" "Mozilla/5.0 (Macintosh; Intel Mac OS X 10_9_5) AppleWebKit/537.36 (KHTML, like Gecko) Chrome/60.0.3112.113 Safari/537.36" 10672 + WajbSArxHDYAACmwBukAAAUL 128.197.26.35 off:http
67.249.231.2 - - [01/Sep/2017:00:00:08 -0400] "GET /met/wp-content/themes/flexi-met/js/conversion.js?ver=1.01 HTTP/1.1" 200 123 0.007642 0.000000 0.000000 "http://www.bu.edu/met/programs/graduate/arts-administration/" "Mozilla/5.0 (Macintosh; Intel Mac OS X 10_9_5) AppleWebKit/537.36 (KHTML, like Gecko) Chrome/60.0.3112.113 Safari/537.36" 10672 + WajbSArxHDYAACmwBusAAAUH 128.197.26.35 off:http
67.249.231.2 - - [01/Sep/2017:00:00:08 -0400] "GET /met/wp-content/themes/flexi-met/js/theme.min.js?ver=1.01 HTTP/1.1" 200 33303 0.009648 0.000000 0.000000 "http://www.bu.edu/met/programs/graduate/arts-administration/" "Mozilla/5.0 (Macintosh; Intel Mac OS X 10_9_5) AppleWebKit/537.36 (KHTML, like Gecko) Chrome/60.0.3112.113 Safari/537.36" 10673 + WajbSArxHDYAACmxCSIAAAVW 128.197.26.35 off:http
67.249.231.2 - - [01/Sep/2017:00:00:08 -0400] "GET /met/wp-content/themes/flexi-met/js/met.widgets.calculator.min.js?ver=1.01 HTTP/1.1" 200 4296 0.009152 0.000000 0.000000 "http://www.bu.edu/met/programs/graduate/arts-administration/" "Mozilla/5.0 (Macintosh; Intel Mac OS X 10_9_5) AppleWebKit/537.36 (KHTML, like Gecko) Chrome/60.0.3112.113 Safari/537.36" 10673 + WajbSArxHDYAACmxCSQAAAVW 128.197.26.35 off:http
10.241.225.108 - - [01/Sep/2017:00:00:08 -0400] "HEAD /bucop/wp-cron.php?doing_wp_cron HTTP/1.0" 200 - 0.030194 0.193772 0.002844 "-" "Wget/1.12 (linux-gnu)" 10673 + WajbSArxHDYAACmxCR4AAAVQ 128.197.26.35 off:http
67.249.231.2 - - [01/Sep/2017:00:00:08 -0400] "GET /met/wp-includes/js/wp-embed.min.js?ver=4.6.6 HTTP/1.1" 200 1403 0.007192 0.000000 0.000000 "http://www.bu.edu/met/programs/graduate/arts-administration/" "Mozilla/5.0 (Macintosh; Intel Mac OS X 10_9_5) AppleWebKit/537.36 (KHTML, like Gecko) Chrome/60.0.3112.113 Safari/537.36" 10673 + WajbSArxHDYAACmxCSUAAAVW 128.197.26.35 off:http
